// Jest Snapshot v1, https://goo.gl/fbAQLP

exports[`Tests using faked time \`bitcoin-pay\` gives treatment of \`variation-2\` and there is one exposure 1`] = `Array []`;
